============================================================
COMPREHENSIVE TEST SUITE
Lightweight Browser with VLESS VPN v2.2.0
============================================================
Testing project structure...
  [OK] main.py
  [OK] requirements.txt
  [OK] src/ui_modern_fixed.py
  [OK] src/ui_modern.py
  [OK] src/ui.py
  [OK] src/ui_simple.py
  [OK] config/vless.txt

Testing VLESS URI parsing...
Парсинг URI: vless://331564911@94.131.110.172:23209?encryption=none&flow=&fp=random&pbk=EhZf6JqOLErCdliMk1UBlpojo3cfw244QWtoZ-qUFTc&security=reality&sni=yahoo.com&spx=%2F&type=tcp&sid=68c55e5189f67c90#example
ID: 331564911
Адрес: 94.131.110.172
Порт: 23209
Fingerprint: random
Public Key: EhZf6JqOLErCdliMk1UB...
SNI: yahoo.com
Short ID: 68c55e5189f67c90
Создание конфигурации для сервера 94.131.110.172:23209
Конфигурация config.json успешно создана
  [OK] Config structure valid
  [OK] SOCKS inbound configured
  [OK] VLESS outbound configured

Testing UI module imports...
  [OK] src.ui_simple
  [OK] src.ui
  [OK] src.ui_modern
  [OK] src.ui_modern_fixed
  [OK] 4/4 UI modules available

Testing Xray download...
Xray не найден. Загрузка из GitHub...
Загрузка Xray-core...
Xray успешно загружен: bin/xray.exe
  [OK] Xray download successful

Testing requirements.txt...
  [OK] pywebview dependency listed

Testing fallback system...
  [OK] ui_modern_fixed fallback present
  [OK] ui_modern fallback present
  [OK] ui_simple fallback present
  [OK] Fallback system comprehensive

============================================================
TEST RESULTS
============================================================
Passed: 6/6
Success Rate: 100.0%
ALL TESTS PASSED! Project is ready for production.
